SSH keys:

NOTE: Git Bash and Cygwin are assigning different home directories,
but we try to keep one set of keys as they are from the same host.

from Git Bash, generate the keys
ssh-keygen
the keys are generated and stored in /c/Users/william/.ssh

from Cygwin, 
william@LAPTOP-4DDGKLFF ~
$ cp -p /cygdrive/c/Users/william/.ssh/* .ssh

from Linux, generate a separate set of keys
sshkey-gen

add both pub keys to https://github.com/oldpride

-----------------------------------------------------------------

run this from all the 3 enviroment

git config --global user.email "tianhua_han@yahoo.com"
git config --global user.name "Tianhua Han"


-----------------------------------------------------------------
in Git Bash

create a repo 'tpsup' on http://github.com

mkdir github
cd github
william@LAPTOP-4DDGKLFF MINGW64 ~/github
$ git clone ssh://git@github.com/oldpride/tpsup.git
Cloning into 'tpsup'...
The authenticity of host 'github.com (192.30.253.112)' can't be established.
RSA key fingerprint is SHA256:nThbg6kXUpJWGl7E1IGOCspRomTxdCARLviKw6E5SY8.
Are you sure you want to continue connecting (yes/no)? yes
Warning: Permanently added 'github.com,192.30.253.112' (RSA) to the list of known hosts.
remote: Enumerating objects: 3, done.
remote: Counting objects: 100% (3/3), done.
remote: Total 3 (delta 0), reused 0 (delta 0), pack-reused 0
Receiving objects: 100% (3/3), done.

william@LAPTOP-4DDGKLFF MINGW64 ~/github
$ ls
tpsup/
after adding another file
git add -A
git commit -m "not done"
git push

cygwin
cd /cygdrive/c/Users/william/github/tpsup/lib/perl/TPSUP
vi ...

-------------------------------------------------------------------------
to back out all files in "git add"
$ git reset
to remove files in the staging area, ie, committed but not pushed, do

$ git rm --cached lib/perl/TPSUP/.Expression.pm.swp
rm 'lib/perl/TPSUP/.Expression.pm.swp'
to remove files in the remote depo, ie, pushed

$ git rm lib/perl/TPSUP/.Expression.pm.swp

--------------------------------------------------------------------------
To ignore vim/vi tmp filese

in GitBash
vi ~/.gitignore
*~
*.swp
*.swo
*.pyc
.idea
.git
tpstamp.txt.*

git config --global core.excludesfile ~/.gitignore

later moved .gitignore under .../github/tpsup. this way it will be checked into git too

----------------------------------------------------------------------------

to set up java/eclipse/git for java

https://help.github.com/en/articles/adding-an-existing-project-to-github-using-the-command-line
create a new repo "java" on https://github.com/oldpride
in Git Bash
cd ~/eclipse-workspace
git init
cp ~/.gitignore .
vi gitignore
# add the following lines to ignore hidden files and compiled files .../target/...
.*
target
git add -A
git status
git commit -m new
git remote add origin ssh://git@github.com/oldpride/java.git
git push origin master

next time
git push --set-upstream origin master
git push


----------------------------------------------------------------------------

on the Linux host, which I set up later, 

'git status' shows up to date

tian@linux1:~/github/tpsup/scripts$ git status
On branch master
Your branch is up to date with 'origin/master'.

but I knew I am behind because I have just checked in a file from PC, and 
'git pull' can pull the file

https://stackoverflow.com/questions/37669297/why-doesnt-my-git-status-show-me-whether-im-up-to-date-with-my-remote-counterp

tian@linux1:~/github/tpsup/notes$ git branch -vv
* master 9131fac [origin/master] update

tian@linux1:~/github/tpsup/notes$ git rev-parse --symbolic-full-name "@{u}"
refs/remotes/origin/master

still no help


-------------------------------------------------------------------------
git branch

https://www.atlassian.com/git/tutorials/using-branches

'branch' is only a pointer

list all branches in my repo
   tian@linux1:/home/tian/github/tpsup/notes$ git branch
   * master

git branch -a          # List all remote branches.  ?
   tian@linux1:/home/tian/github/tpsup/notes$ git branch -a
   * master
     remotes/origin/HEAD -> origin/master
     remotes/origin/master

git branch <branch>    # create a new branch called <branch>

git branch -d <branch> # Delete the specified branch. This is a “safe” operation in that
                       # Git prevents you from deleting the branch if it has unmerged changes.

git branch -D <branch> # Force delete the specified branch, even if it has unmerged changes.

git branch -m <branch> # Rename the current branch to <branch>.



create a branch using the following command:

git branch crazy-experiment

The repository history remains unchanged. All you get is a new pointer to the current commit:

Note that this only creates the new branch. To start adding commits to it, you need to
select it with

    git checkout,

 and then use the standard git add and git commit commands. 

tian@linux1:/home/tian/github/tpsup/notes$ git branch crazy-experiment
tian@linux1:/home/tian/github/tpsup/notes$ git checkout
M       notes/git.txt
Your branch is up to date with 'origin/master'.
tian@linux1:/home/tian/github/tpsup/notes$ git branch
  crazy-experiment
* master

tian@linux1:/home/tian/github/tpsup/notes$ git add git.txt
tian@linux1:/home/tian/github/tpsup/notes$ git commit -m "test branch"
[master b793b21] test branch
 1 file changed, 47 insertions(+)
tian@linux1:/home/tian/github/tpsup/notes$ git push
Counting objects: 4, done.
Delta compression using up to 4 threads.
Compressing objects: 100% (4/4), done.
Writing objects: 100% (4/4), 948 bytes | 948.00 KiB/s, done.
Total 4 (delta 3), reused 0 (delta 0)
remote: Resolving deltas: 100% (3/3), completed with 3 local objects.

this change seems to be pushed into master branch because I can actually delete the branch now,
meaning no unmerged changes

tian@linux1:/home/tian/github/tpsup/notes$ git branch -d crazy-experiment
Deleted branch crazy-experiment (was 4506f04).

The problem is that I should have run "git checkout crazy-experiment".

tian@linux1:/home/tian/github/tpsup/notes$ git branch crazy-experiment
tian@linux1:/home/tian/github/tpsup/notes$ git checkout crazy-experiment
M       notes/git.txt
Switched to branch 'crazy-experiment'
tian@linux1:/home/tian/github/tpsup/notes$ git status
On branch crazy-experiment
Changes not staged for commit:
  (use "git add <file>..." to update what will be committed)
  (use "git checkout -- <file>..." to discard changes in working directory)

        modified:   git.txt

no changes added to commit (use "git add" and/or "git commit -a")
tian@linux1:/home/tian/github/tpsup/notes$ git add git.txt
tian@linux1:/home/tian/github/tpsup/notes$ git commit -m "test branch"
[crazy-experiment 7c68feb] test branch
 1 file changed, 23 insertions(+)
tian@linux1:/home/tian/github/tpsup/notes$ git status
On branch crazy-experiment
nothing to commit, working tree clean
tian@linux1:/home/tian/github/tpsup/notes$ git push
fatal: The current branch crazy-experiment has no upstream branch.
To push the current branch and set the remote as upstream, use

    git push --set-upstream origin crazy-experiment

it faled because there is no branch is created on the repo. The branch is only
local so far.

To create branch in the the remote branch 'origin',

tian@linux1:/home/tian/github/tpsup/notes$ git push origin crazy-experiment
Counting objects: 4, done.
Delta compression using up to 4 threads.
Compressing objects: 100% (4/4), done.
Writing objects: 100% (4/4), 767 bytes | 767.00 KiB/s, done.
Total 4 (delta 3), reused 0 (delta 0)
remote: Resolving deltas: 100% (3/3), completed with 3 local objects.
remote: 
remote: Create a pull request for 'crazy-experiment' on GitHub by visiting:
remote:      https://github.com/oldpride/tpsup/pull/new/crazy-experiment
remote: 
To github.com:oldpride/tpsup.git
 * [new branch]      crazy-experiment -> crazy-experiment

now I see the branch on github.com too.

tian@linux1:/home/tian/github/tpsup/notes$ git branch -d crazy-experiment
error: Cannot delete branch 'crazy-experiment' checked out at '/home/tian/github/tpsup'

tian@linux1:/home/tian/github/tpsup/notes$ git checkout master
error: Your local changes to the following files would be overwritten by checkout:
        notes/git.txt
Please commit your changes or stash them before you switch branches.
Aborting
tian@linux1:/home/tian/github/tpsup/notes$ git branch
* crazy-experiment
  master



